// Jest Snapshot v1, https://goo.gl/fbAQLP

exports[`UsersList renders a snapshot properly 1`] = `
<div>
  <h1>
    All Users
  </h1>
  <table
    className="table table-striped table-bordered table-condensed table-hover"
  >
    <thead>
      <tr>
        <th>
          User ID
        </th>
        <th>
          Email
        </th>
        <th>
          Username
        </th>
        <th>
          Active
        </th>
        <th>
          Admin
        </th>
      </tr>
    </thead>
    <tbody>
      <tr>
        <td>
          1
        </td>
        <td>
          riza@hacktiv8.com
        </td>
        <td>
          riza
        </td>
        <td>
          true
        </td>
        <td>
          false
        </td>
      </tr>
      <tr>
        <td>
          2
        </td>
        <td>
          rizafahmi@gmail.com
        </td>
        <td>
          rizafahmi
        </td>
        <td>
          true
        </td>
        <td>
          false
        </td>
      </tr>
    </tbody>
  </table>
</div>
`;
